---
source: tests/snapshot_tests.rs
assertion_line: 210
expression: rendered_with_fks
---
                                                                                                                                                      
 ┌──────────┐   ┌──────────┐   ┌──────────┐   ┌──────────┐   ┌──────────┐                                                                             
 │users     │   │categories│   │products  │   │orders    │   │order_item│                                                                             
 ├──────────┤   ├──────────┤   ├──────────┤   ├──────────┤   ├──────────┤                                                                             
 │id        │   │id        │   │id        │   │id        │   │id        │                                                                             
 │email     │   │name      │   │name      │   │user_id   │   │order_id  │                                                                             
 │name      │   │parent_id │   │category_i│   │status    │   │product_id│                                                                             
 │created_at│   └──────────┘   │price     │   │total_amou│t  │quantity  │                                                                             
 └──────────┘                  │stock_quan│ity│created_at│   │price     │                                                                             
                               │created_by│   └──────────┘   └──────────┘                                                                             
                               └──────────┘
